// Vitest Snapshot v1, https://vitest.dev/guide/snapshot.html

exports[`ApplyGate current UI > snapshot: risky verdict renders the current card layout 1`] = `
<div>
  <div>
    <div
      class="space-y-6"
    >
      <div>
        <h1
          class="text-2xl font-bold text-foreground flex items-center gap-2"
        >
          <svg
            aria-hidden="true"
            class="lucide lucide-shield w-6 h-6 text-accent"
            fill="none"
            height="24"
            stroke="currentColor"
            stroke-linecap="round"
            stroke-linejoin="round"
            stroke-width="2"
            viewBox="0 0 24 24"
            width="24"
            xmlns="http://www.w3.org/2000/svg"
          >
            <path
              d="M20 13c0 5-3.5 7.5-7.66 8.95a1 1 0 0 1-.67-.01C7.5 20.5 4 18 4 13V6a1 1 0 0 1 1-1c2 0 4.5-1.2 6.24-2.72a1.17 1.17 0 0 1 1.52 0C14.51 3.81 17 5 19 5a1 1 0 0 1 1 1z"
            />
          </svg>
          Apply Gate
        </h1>
        <p
          class="text-muted-foreground mt-1 text-sm"
        >
          Decide whether to apply, fix first, or skip before you spend time on a posting.
        </p>
      </div>
      <div
        class="glass-card rounded-xl p-5 space-y-3"
      >
        <p
          class="text-xs text-muted-foreground"
        >
          Resume signal: 
          Saved
        </p>
        <div
          class="space-y-2"
        >
          <label
            class="text-sm font-medium text-foreground"
            for="job-title"
          >
            Job Title
          </label>
          <input
            class="w-full rounded-md border border-border bg-background px-3 py-2 text-sm"
            id="job-title"
            placeholder="e.g., QA Analyst"
            value="Automation Engineer"
          />
        </div>
        <div
          class="space-y-2"
        >
          <label
            class="text-sm font-medium text-foreground"
            for="company-name"
          >
            Company Name (optional)
          </label>
          <input
            class="w-full rounded-md border border-border bg-background px-3 py-2 text-sm"
            id="company-name"
            placeholder="e.g., Acme Corp"
            value=""
          />
          <p
            class="text-xs text-muted-foreground"
          >
            Useful when the pasted job description does not clearly name the employer.
          </p>
        </div>
        <div
          class="space-y-2"
        >
          <label
            class="text-sm font-medium text-foreground"
            for="job-description"
          >
            Job Description
          </label>
          <textarea
            class="w-full min-h-[120px] rounded-md border border-border bg-background px-3 py-2 text-sm"
            id="job-description"
            placeholder="Paste the job description"
          >
            Requires PLC and controls experience.
          </textarea>
          <p
            class="text-xs text-muted-foreground"
          >
            Paste the full job description. URL import is temporarily disabled while we harden extraction.
          </p>
        </div>
        <button
          class="inline-flex items-center justify-center gap-2 whitespace-nowrap rounded-md text-sm font-medium transition-all disabled:pointer-events-none disabled:opacity-50 [&_svg]:pointer-events-none [&_svg:not([class*='size-'])]:size-4 shrink-0 [&_svg]:shrink-0 outline-none focus-visible:border-ring focus-visible:ring-ring/50 focus-visible:ring-[3px] aria-invalid:ring-destructive/20 dark:aria-invalid:ring-destructive/40 aria-invalid:border-destructive bg-primary text-primary-foreground hover:bg-primary/90 h-9 px-4 py-2 has-[>svg]:px-3"
          data-size="default"
          data-slot="button"
          data-variant="default"
        >
          Get decision
        </button>
      </div>
      <div
        class="glass-card rounded-xl p-6 space-y-3"
      >
        <div
          class="rounded-xl border px-4 py-3 border-red-500/30 bg-red-500/10 text-red-700"
        >
          <div
            class="flex flex-wrap items-center justify-between gap-3"
          >
            <p
              class="text-xs font-semibold uppercase tracking-wide"
            >
              Decision
            </p>
            <span
              class="inline-flex items-center px-2.5 py-0.5 rounded-full text-xs font-medium border status-risky"
            >
              Risky
            </span>
          </div>
          <h2
            class="mt-2 text-xl font-semibold"
          >
            Fix first before applying
          </h2>
          <p
            class="mt-1 text-sm leading-relaxed"
          >
            A hard blocker or major proof gap is visible. Fix the strongest issue before this becomes another low-probability application.
          </p>
        </div>
        <div>
          <p
            class="font-semibold text-foreground leading-tight"
          >
            Automation Engineer
          </p>
        </div>
        <div
          class="flex flex-wrap items-center gap-3 text-xs pt-0.5"
        >
          <span
            class="px-2 py-0.5 rounded bg-muted text-muted-foreground"
          >
            Fit label: 
            High-risk application
          </span>
          <span
            class="px-2 py-0.5 rounded border border-accent/20 bg-accent/10 text-accent"
          >
            Recommended move: 
            Fix before applying
          </span>
          <span
            class="text-muted-foreground"
          >
            Application risk: 
            <span
              class="text-red-500"
            >
              92
              %
            </span>
          </span>
        </div>
        <div
          class="rounded-lg border border-border/70 bg-background/70 p-3 space-y-2"
        >
          <div
            class="flex flex-wrap items-center justify-between gap-2"
          >
            <p
              class="text-xs font-semibold text-foreground"
            >
              Risk breakdown
            </p>
            <span
              class="text-xs text-muted-foreground"
            >
              Education or training fit: severe risk.
            </span>
          </div>
          <div
            class="grid gap-2 sm:grid-cols-2"
          >
            <div
              class="rounded-md border border-border/60 bg-muted/20 px-3 py-2"
            >
              <div
                class="flex items-center justify-between gap-2"
              >
                <p
                  class="text-xs font-medium text-foreground"
                >
                  Education or training fit
                </p>
                <span
                  class="text-xs font-semibold text-red-500"
                >
                  92
                  %
                </span>
              </div>
              <p
                class="mt-1 text-xs text-muted-foreground leading-relaxed"
              >
                Education score is 30/100.
              </p>
            </div>
            <div
              class="rounded-md border border-border/60 bg-muted/20 px-3 py-2"
            >
              <div
                class="flex items-center justify-between gap-2"
              >
                <p
                  class="text-xs font-medium text-foreground"
                >
                  Required evidence coverage
                </p>
                <span
                  class="text-xs font-semibold text-red-500"
                >
                  80
                  %
                </span>
              </div>
              <p
                class="mt-1 text-xs text-muted-foreground leading-relaxed"
              >
                Required-skill evidence score is 20/100.
              </p>
            </div>
          </div>
        </div>
        <div
          class="space-y-1.5"
        >
          <p
            class="text-sm text-muted-foreground leading-relaxed"
          >
            • 
            Missing required: plc programming.
          </p>
          <p
            class="text-sm text-muted-foreground leading-relaxed"
          >
            • 
            Education gap.
          </p>
        </div>
        <div
          class="flex items-start gap-2 p-3 rounded-lg bg-destructive/5 border border-destructive/10"
        >
          <svg
            aria-hidden="true"
            class="lucide lucide-triangle-alert w-4 h-4 text-destructive shrink-0 mt-0.5"
            fill="none"
            height="24"
            stroke="currentColor"
            stroke-linecap="round"
            stroke-linejoin="round"
            stroke-width="2"
            viewBox="0 0 24 24"
            width="24"
            xmlns="http://www.w3.org/2000/svg"
          >
            <path
              d="m21.73 18-8-14a2 2 0 0 0-3.48 0l-8 14A2 2 0 0 0 4 21h16a2 2 0 0 0 1.73-3"
            />
            <path
              d="M12 9v4"
            />
            <path
              d="M12 17h.01"
            />
          </svg>
          <div
            class="text-sm text-destructive leading-snug"
          >
            <span>
              Likely rejection driver
              : 
              Required education level is missing
            </span>
          </div>
        </div>
        <div
          class="space-y-2 pt-1"
        >
          <div
            class="flex flex-wrap items-center gap-2"
          >
            <button
              class="inline-flex items-center justify-center whitespace-nowrap font-medium transition-all disabled:pointer-events-none disabled:opacity-50 [&_svg]:pointer-events-none [&_svg:not([class*='size-'])]:size-4 shrink-0 [&_svg]:shrink-0 outline-none focus-visible:border-ring focus-visible:ring-ring/50 focus-visible:ring-[3px] aria-invalid:ring-destructive/20 dark:aria-invalid:ring-destructive/40 aria-invalid:border-destructive rounded-md gap-1.5 px-3 has-[>svg]:px-2.5 bg-accent text-accent-foreground hover:bg-accent/90 text-xs h-8"
              data-size="sm"
              data-slot="button"
              data-variant="default"
            >
              I'll fix first
            </button>
            <button
              class="inline-flex items-center justify-center whitespace-nowrap font-medium transition-all disabled:pointer-events-none disabled:opacity-50 [&_svg]:pointer-events-none [&_svg:not([class*='size-'])]:size-4 shrink-0 [&_svg]:shrink-0 outline-none focus-visible:border-ring focus-visible:ring-ring/50 focus-visible:ring-[3px] aria-invalid:ring-destructive/20 dark:aria-invalid:ring-destructive/40 aria-invalid:border-destructive border bg-background shadow-xs hover:bg-accent hover:text-accent-foreground dark:bg-input/30 dark:border-input dark:hover:bg-input/50 rounded-md gap-1.5 px-3 has-[>svg]:px-2.5 text-xs h-8"
              data-size="sm"
              data-slot="button"
              data-variant="outline"
            >
              Apply anyway
            </button>
            <button
              class="inline-flex items-center justify-center whitespace-nowrap font-medium transition-all disabled:pointer-events-none disabled:opacity-50 [&_svg]:pointer-events-none [&_svg:not([class*='size-'])]:size-4 shrink-0 [&_svg]:shrink-0 outline-none focus-visible:border-ring focus-visible:ring-ring/50 focus-visible:ring-[3px] aria-invalid:ring-destructive/20 dark:aria-invalid:ring-destructive/40 aria-invalid:border-destructive hover:bg-accent hover:text-accent-foreground dark:hover:bg-accent/50 rounded-md gap-1.5 px-3 has-[>svg]:px-2.5 text-muted-foreground text-xs h-8"
              data-size="sm"
              data-slot="button"
              data-variant="ghost"
            >
              Skip role
            </button>
          </div>
          <p
            class="text-xs text-muted-foreground"
          >
            Your choice is saved to improve future targeting, action queues, and outcome memory.
          </p>
        </div>
      </div>
    </div>
  </div>
</div>
`;
