// Vitest Snapshot v1, https://vitest.dev/guide/snapshot.html

exports[`ApplyGate current UI > snapshot: risky verdict renders the current card layout 1`] = `
<div>
  <div>
    <div
      class="space-y-6"
    >
      <div>
        <p
          class="font-mono text-[10px] font-bold uppercase tracking-[0.2em] text-muted-foreground"
        >
          Pre-apply decision brief
        </p>
        <h1
          class="mt-2 text-[28px] font-bold tracking-[-0.025em] text-foreground"
        >
          Apply Gate
        </h1>
        <p
          class="text-muted-foreground mt-1 text-sm"
        >
          Decide whether to apply, fix first, or skip before you spend time on a posting.
        </p>
      </div>
      <div
        class="grid items-start gap-3.5 xl:grid-cols-[minmax(0,1fr)_minmax(0,1.45fr)]"
      >
        <div
          class="glass-card space-y-3 rounded-2xl p-5"
        >
          <div
            class="flex items-center justify-between gap-2"
          >
            <h2
              class="text-[15px] font-bold tracking-[-0.01em] text-foreground"
            >
              Job to review
            </h2>
            <span
              class="font-mono text-[9px] font-bold uppercase tracking-[0.12em] text-muted-foreground"
            >
              Resume: 
              saved
            </span>
          </div>
          <div
            class="space-y-2"
          >
            <label
              class="text-sm font-medium text-foreground"
              for="job-title"
            >
              Job Title
            </label>
            <input
              class="w-full rounded-md border border-border bg-background px-3 py-2 text-sm"
              id="job-title"
              placeholder="e.g., QA Analyst"
              value="Automation Engineer"
            />
          </div>
          <div
            class="space-y-2"
          >
            <label
              class="text-sm font-medium text-foreground"
              for="company-name"
            >
              Company Name (optional)
            </label>
            <input
              class="w-full rounded-md border border-border bg-background px-3 py-2 text-sm"
              id="company-name"
              placeholder="e.g., Acme Corp"
              value=""
            />
            <p
              class="text-xs text-muted-foreground"
            >
              Useful when the pasted job description does not clearly name the employer.
            </p>
          </div>
          <div
            class="space-y-2"
          >
            <label
              class="text-sm font-medium text-foreground"
              for="job-url"
            >
              Job posting link (optional)
            </label>
            <input
              class="w-full rounded-md border border-border bg-background px-3 py-2 text-sm"
              id="job-url"
              placeholder="https://…"
              type="url"
              value=""
            />
            <p
              class="text-xs text-muted-foreground"
            >
              If you leave the description empty, we read the posting from this URL (public job pages only). It also lets "Apply" open the posting in a new tab.
            </p>
          </div>
          <div
            class="space-y-2"
          >
            <label
              class="text-sm font-medium text-foreground"
              for="risk-tolerance"
            >
              Apply style
            </label>
            <select
              class="w-full rounded-md border border-border bg-background px-3 py-2 text-sm"
              id="risk-tolerance"
            >
              <option
                value="balanced"
              >
                Balanced
              </option>
              <option
                value="conservative"
              >
                Conservative
              </option>
              <option
                value="aggressive"
              >
                Aggressive
              </option>
            </select>
            <p
              class="text-xs text-muted-foreground"
            >
              Default. Separates clear skips from realistic strategy plays.
            </p>
          </div>
          <div
            class="space-y-2"
          >
            <label
              class="text-sm font-medium text-foreground"
              for="job-description"
            >
              Job Description
            </label>
            <textarea
              class="w-full min-h-[120px] rounded-md border border-border bg-background px-3 py-2 text-sm"
              id="job-description"
              placeholder="Paste the job description"
            >
              Requires PLC and controls experience.
            </textarea>
            <p
              class="text-xs text-muted-foreground"
            >
              Paste the full job description, or leave it empty and we will read the posting from the URL above.
            </p>
          </div>
          <button
            class="inline-flex items-center justify-center gap-2 whitespace-nowrap rounded-md text-sm font-medium transition-all disabled:pointer-events-none disabled:opacity-50 [&_svg]:pointer-events-none [&_svg:not([class*='size-'])]:size-4 shrink-0 [&_svg]:shrink-0 outline-none focus-visible:border-ring focus-visible:ring-ring/50 focus-visible:ring-[3px] aria-invalid:ring-destructive/20 dark:aria-invalid:ring-destructive/40 aria-invalid:border-destructive bg-primary text-primary-foreground hover:bg-primary/90 h-9 px-4 py-2 has-[>svg]:px-3"
            data-size="default"
            data-slot="button"
            data-variant="default"
          >
            Get decision
          </button>
        </div>
        <div
          class="min-w-0"
        >
          <div
            class="glass-card space-y-3 rounded-2xl p-6"
          >
            <div
              class="-mx-6 -mt-6 mb-1 rounded-t-2xl border-b border-border px-6 py-5"
              style="background: linear-gradient(180deg, #F2FAF6 0%, var(--card) 100%);"
            >
              <div
                class="flex items-start justify-between gap-4"
              >
                <div
                  class="min-w-0"
                >
                  <div
                    class="flex flex-wrap items-center gap-2"
                  >
                    <p
                      class="font-mono text-[10px] font-bold uppercase tracking-[0.14em] text-muted-foreground"
                    >
                      Decision
                    </p>
                    <span
                      class="inline-flex items-center px-2.5 py-0.5 rounded-full text-xs font-medium border status-risky"
                    >
                      Risky
                    </span>
                  </div>
                  <h2
                    class="mt-2 text-xl font-bold tracking-[-0.01em] text-foreground"
                  >
                    Fix first before applying
                  </h2>
                  <p
                    class="mt-1 text-sm font-medium leading-relaxed text-muted-foreground"
                  >
                    Fix this first. Required education level is missing
                  </p>
                  <p
                    class="mt-1 text-xs leading-relaxed text-muted-foreground/80"
                  >
                    A hard blocker or major proof gap is visible. Fix the strongest issue before this becomes another low-probability application.
                  </p>
                </div>
                <div
                  class="shrink-0 text-center"
                  data-testid="risk-band"
                >
                  <div
                    class="grid h-[78px] min-w-[78px] place-items-center rounded-full border px-3 border-red-500/30 bg-red-500/10 text-red-700"
                  >
                    <span
                      class="text-base font-bold tracking-[-0.01em]"
                    >
                      Severe
                    </span>
                  </div>
                  <p
                    class="mt-2 font-mono text-[9px] font-bold uppercase tracking-[0.12em] text-muted-foreground"
                  >
                    Rejection risk · fit-based estimate
                  </p>
                </div>
              </div>
            </div>
            <div>
              <p
                class="font-semibold text-foreground leading-tight"
              >
                Automation Engineer
              </p>
            </div>
            <div
              class="flex flex-wrap items-center gap-3 text-xs pt-0.5"
            >
              <span
                class="px-2 py-0.5 rounded bg-muted text-muted-foreground"
              >
                Fit label: 
                High-risk application
              </span>
              <span
                class="px-2 py-0.5 rounded border border-accent/20 bg-accent/10 text-accent"
              >
                Recommended move: 
                Fix before applying
              </span>
            </div>
            <button
              aria-expanded="false"
              class="flex items-center gap-1 text-xs font-medium text-muted-foreground transition-colors hover:text-foreground"
              type="button"
            >
              Show the full breakdown
              <svg
                aria-hidden="true"
                class="lucide lucide-chevron-down h-3.5 w-3.5"
                fill="none"
                height="24"
                stroke="currentColor"
                stroke-linecap="round"
                stroke-linejoin="round"
                stroke-width="2"
                viewBox="0 0 24 24"
                width="24"
                xmlns="http://www.w3.org/2000/svg"
              >
                <path
                  d="m6 9 6 6 6-6"
                />
              </svg>
            </button>
            <div
              class="space-y-1.5"
            >
              <p
                class="text-sm text-muted-foreground leading-relaxed"
              >
                • 
                Missing required: plc programming.
              </p>
              <p
                class="text-sm text-muted-foreground leading-relaxed"
              >
                • 
                Education gap.
              </p>
            </div>
            <div
              class="flex items-start gap-2 p-3 rounded-lg bg-destructive/5 border border-destructive/10"
            >
              <svg
                aria-hidden="true"
                class="lucide lucide-triangle-alert w-4 h-4 text-destructive shrink-0 mt-0.5"
                fill="none"
                height="24"
                stroke="currentColor"
                stroke-linecap="round"
                stroke-linejoin="round"
                stroke-width="2"
                viewBox="0 0 24 24"
                width="24"
                xmlns="http://www.w3.org/2000/svg"
              >
                <path
                  d="m21.73 18-8-14a2 2 0 0 0-3.48 0l-8 14A2 2 0 0 0 4 21h16a2 2 0 0 0 1.73-3"
                />
                <path
                  d="M12 9v4"
                />
                <path
                  d="M12 17h.01"
                />
              </svg>
              <div
                class="text-sm text-destructive leading-snug"
              >
                <span>
                  Likely rejection driver
                  : 
                  Required education level is missing
                </span>
              </div>
            </div>
            <div
              class="space-y-2 pt-1"
            >
              <div
                class="flex flex-wrap items-center gap-2"
              >
                <button
                  class="inline-flex items-center justify-center whitespace-nowrap font-medium transition-all disabled:pointer-events-none disabled:opacity-50 [&_svg]:pointer-events-none [&_svg:not([class*='size-'])]:size-4 shrink-0 [&_svg]:shrink-0 outline-none focus-visible:border-ring focus-visible:ring-ring/50 focus-visible:ring-[3px] aria-invalid:ring-destructive/20 dark:aria-invalid:ring-destructive/40 aria-invalid:border-destructive rounded-md gap-1.5 px-3 has-[>svg]:px-2.5 bg-accent text-accent-foreground hover:bg-accent/90 text-xs h-8"
                  data-size="sm"
                  data-slot="button"
                  data-variant="default"
                >
                  I'll fix first
                </button>
                <button
                  class="inline-flex items-center justify-center whitespace-nowrap font-medium transition-all disabled:pointer-events-none disabled:opacity-50 [&_svg]:pointer-events-none [&_svg:not([class*='size-'])]:size-4 shrink-0 [&_svg]:shrink-0 outline-none focus-visible:border-ring focus-visible:ring-ring/50 focus-visible:ring-[3px] aria-invalid:ring-destructive/20 dark:aria-invalid:ring-destructive/40 aria-invalid:border-destructive border bg-background shadow-xs hover:bg-accent hover:text-accent-foreground dark:bg-input/30 dark:border-input dark:hover:bg-input/50 rounded-md gap-1.5 px-3 has-[>svg]:px-2.5 text-xs h-8"
                  data-size="sm"
                  data-slot="button"
                  data-variant="outline"
                >
                  Apply anyway
                </button>
                <button
                  class="inline-flex items-center justify-center whitespace-nowrap font-medium transition-all disabled:pointer-events-none disabled:opacity-50 [&_svg]:pointer-events-none [&_svg:not([class*='size-'])]:size-4 shrink-0 [&_svg]:shrink-0 outline-none focus-visible:border-ring focus-visible:ring-ring/50 focus-visible:ring-[3px] aria-invalid:ring-destructive/20 dark:aria-invalid:ring-destructive/40 aria-invalid:border-destructive hover:bg-accent hover:text-accent-foreground dark:hover:bg-accent/50 rounded-md gap-1.5 px-3 has-[>svg]:px-2.5 text-muted-foreground text-xs h-8"
                  data-size="sm"
                  data-slot="button"
                  data-variant="ghost"
                >
                  Skip role
                </button>
              </div>
              <p
                aria-live="polite"
                class="text-xs text-muted-foreground"
              >
                Choose what you did. This keeps future recommendations grounded.
              </p>
            </div>
          </div>
        </div>
      </div>
    </div>
  </div>
</div>
`;
